
> trabajoteca@0.1.0 dev
> next dev

▲ Next.js 16.2.12 (Turbopack)
- Local:         http://localhost:3000
- Network:       http://172.31.0.1:3000
- Environments: .env.local
✓ Ready in 1819ms

(node:10232) Warning: SECURITY WARNING: The SSL modes 'prefer', 'require', and 'verify-ca' are treated as aliases for 'verify-full'.
In the next major version (pg-connection-string v3.0.0 and pg v9.0.0), these modes will adopt standard libpq semantics, which have weaker security guarantees.

To prepare for this change:
- If you want the current behavior, explicitly use 'sslmode=verify-full'
- If you want libpq compatibility now, use 'uselibpqcompat=true&sslmode=require'

See https://www.postgresql.org/docs/current/libpq-ssl.html for libpq SSL mode definitions.
(Use `node --trace-warnings ...` to show where the warning was created)
 GET / 200 in 6.4s (next.js: 964ms, proxy.ts: 646ms, application-code: 4.8s)
 GET /?search=&source=&sort=recent 200 in 5.7s (next.js: 1721ms, proxy.ts: 27ms, application-code: 4.0s)
 GET /login 200 in 236ms (next.js: 72ms, application-code: 164ms)
 GET /register 200 in 197ms (next.js: 67ms, application-code: 130ms)
 GET / 200 in 2.2s (next.js: 10ms, proxy.ts: 15ms, application-code: 2.2s)
 GET / 200 in 1093ms (next.js: 10ms, proxy.ts: 11ms, application-code: 1073ms)
 GET /profile 307 in 338ms (next.js: 76ms, proxy.ts: 14ms, application-code: 248ms)
 GET /login 200 in 126ms (next.js: 7ms, application-code: 119ms)
 GET /register 200 in 108ms (next.js: 9ms, application-code: 100ms)
 GET /login?registered=1 200 in 171ms (next.js: 11ms, application-code: 159ms)
 POST /register 303 in 1322ms (next.js: 13ms, application-code: 1309ms)
  └─ ƒ registerUser({"certifications":[],"city":"Avellaneda","education":[],"...":"11 items not stringified"}) in 1071ms app/register/actions.ts
 GET /login 200 in 291ms (next.js: 10ms, application-code: 281ms)
[31m[auth][error][0m CredentialsSignin: Read more at https://errors.authjs.dev#credentialssignin
    at Module.callback (C:\Users\Pc\Desktop\proyectos\trabajoteca\.next\dev\server\chunks\ssr\[root-of-the-server]__0oytdl8._.js:11139:30)
    at async AuthInternal (C:\Users\Pc\Desktop\proyectos\trabajoteca\.next\dev\server\chunks\ssr\[root-of-the-server]__0oytdl8._.js:11995:24)
    at async Auth (C:\Users\Pc\Desktop\proyectos\trabajoteca\.next\dev\server\chunks\ssr\[root-of-the-server]__0oytdl8._.js:12217:34)
    at async signIn (C:\Users\Pc\Desktop\proyectos\trabajoteca\.next\dev\server\chunks\ssr\[root-of-the-server]__0oytdl8._.js:20449:17)
    at async loginWithCredentials (C:\Users\Pc\Desktop\proyectos\trabajoteca\.next\dev\server\chunks\ssr\_1tp_hkq._.js:28:9)
    at async executeActionAndPrepareForRender (C:\Users\Pc\Desktop\proyectos\trabajoteca\node_modules\next\dist\compiled\next-server\app-page-turbo.runtime.dev.js:66:5248)
    at async C:\Users\Pc\Desktop\proyectos\trabajoteca\node_modules\next\dist\compiled\next-server\app-page-turbo.runtime.dev.js:66:1986
    at async handleAction (C:\Users\Pc\Desktop\proyectos\trabajoteca\node_modules\next\dist\compiled\next-server\app-page-turbo.runtime.dev.js:64:26472)
    at async renderToHTMLOrFlightImpl (C:\Users\Pc\Desktop\proyectos\trabajoteca\node_modules\next\dist\compiled\next-server\app-page-turbo.runtime.dev.js:70:55695)
    at async doRender (C:\Users\Pc\Desktop\proyectos\trabajoteca\.next\dev\server\chunks\ssr\node_modules_next_dist_0fqh3c9._.js:4479:28)
    at async AppPageRouteModule.handleResponse (C:\Users\Pc\Desktop\proyectos\trabajoteca\node_modules\next\dist\compiled\next-server\app-page-turbo.runtime.dev.js:72:67020)
    at async handleResponse (C:\Users\Pc\Desktop\proyectos\trabajoteca\.next\dev\server\chunks\ssr\node_modules_next_dist_0fqh3c9._.js:4790:32)
    at async Module.handler (C:\Users\Pc\Desktop\proyectos\trabajoteca\.next\dev\server\chunks\ssr\node_modules_next_dist_0fqh3c9._.js:5196:20)
    at async DevServer.renderToResponseWithComponentsImpl (C:\Users\Pc\Desktop\proyectos\trabajoteca\node_modules\next\dist\server\base-server.js:1462:9)
    at async DevServer.renderPageComponent (C:\Users\Pc\Desktop\proyectos\trabajoteca\node_modules\next\dist\server\base-server.js:1514:24)
    at async DevServer.renderToResponseImpl (C:\Users\Pc\Desktop\proyectos\trabajoteca\node_modules\next\dist\server\base-server.js:1564:32)
    at async DevServer.pipeImpl (C:\Users\Pc\Desktop\proyectos\trabajoteca\node_modules\next\dist\server\base-server.js:1044:25)
    at async NextNodeServer.handleCatchallRenderRequest (C:\Users\Pc\Desktop\proyectos\trabajoteca\node_modules\next\dist\server\next-server.js:338:17)
    at async DevServer.handleRequestImpl (C:\Users\Pc\Desktop\proyectos\trabajoteca\node_modules\next\dist\server\base-server.js:935:17)
    at async C:\Users\Pc\Desktop\proyectos\trabajoteca\node_modules\next\dist\server\dev\next-dev-server.js:394:20
    at async Span.traceAsyncFn (C:\Users\Pc\Desktop\proyectos\trabajoteca\node_modules\next\dist\trace\trace.js:164:20)
    at async DevServer.handleRequest (C:\Users\Pc\Desktop\proyectos\trabajoteca\node_modules\next\dist\server\dev\next-dev-server.js:390:24)
    at async invokeRender (C:\Users\Pc\Desktop\proyectos\trabajoteca\node_modules\next\dist\server\lib\router-server.js:266:21)
    at async handleRequest (C:\Users\Pc\Desktop\proyectos\trabajoteca\node_modules\next\dist\server\lib\router-server.js:465:24)
    at async requestHandlerImpl (C:\Users\Pc\Desktop\proyectos\trabajoteca\node_modules\next\dist\server\lib\router-server.js:514:13)
    at async Server.requestListener (C:\Users\Pc\Desktop\proyectos\trabajoteca\node_modules\next\dist\server\lib\start-server.js:225:13)
 GET /login?error=Email+o+password+incorrectos 200 in 86ms (next.js: 10ms, application-code: 76ms)
 POST /login 303 in 307ms (next.js: 10ms, application-code: 297ms)
  └─ ƒ loginWithCredentials({}) in 179ms app/login/actions.ts
 GET /login 200 in 117ms (next.js: 7ms, application-code: 110ms)
 GET / 200 in 1418ms (next.js: 13ms, proxy.ts: 24ms, application-code: 1382ms)
 POST /login 303 in 1653ms (next.js: 9ms, application-code: 1644ms)
  └─ ƒ loginWithCredentials({}) in 178ms app/login/actions.ts
 GET /login 200 in 114ms (next.js: 10ms, application-code: 104ms)
 GET / 200 in 827ms (next.js: 9ms, proxy.ts: 14ms, application-code: 804ms)
 POST /login 303 in 1036ms (next.js: 8ms, application-code: 1028ms)
  └─ ƒ loginWithCredentials({}) in 178ms app/login/actions.ts
 GET /login 200 in 92ms (next.js: 5ms, application-code: 87ms)
 GET / 200 in 834ms (next.js: 8ms, proxy.ts: 13ms, application-code: 813ms)
 POST /login 303 in 1048ms (next.js: 7ms, application-code: 1040ms)
  └─ ƒ loginWithCredentials({}) in 179ms app/login/actions.ts
 GET /?search=&source=COMPUTRABAJO&sort=recent 200 in 963ms (next.js: 10ms, proxy.ts: 16ms, application-code: 937ms)
 GET /login 200 in 101ms (next.js: 7ms, application-code: 93ms)
 GET / 200 in 992ms (next.js: 9ms, proxy.ts: 18ms, application-code: 966ms)
 POST /login 303 in 1226ms (next.js: 6ms, application-code: 1220ms)
  └─ ƒ loginWithCredentials({}) in 200ms app/login/actions.ts
 GET /jobs/cmt9drcrk00rfawul24fo80xu 200 in 5.1s (next.js: 1683ms, proxy.ts: 42ms, application-code: 3.3s)
 GET /login 200 in 97ms (next.js: 7ms, application-code: 90ms)
 GET / 200 in 986ms (next.js: 10ms, proxy.ts: 17ms, application-code: 959ms)
 POST /login 303 in 1243ms (next.js: 7ms, application-code: 1236ms)
  └─ ƒ loginWithCredentials({}) in 220ms app/login/actions.ts
 GET /profile 200 in 293ms (next.js: 9ms, proxy.ts: 16ms, application-code: 268ms)
 GET /login 200 in 115ms (next.js: 5ms, application-code: 110ms)
 GET / 200 in 1063ms (next.js: 9ms, proxy.ts: 20ms, application-code: 1034ms)
 POST /login 303 in 1327ms (next.js: 11ms, application-code: 1316ms)
  └─ ƒ loginWithCredentials({}) in 226ms app/login/actions.ts
 GET /cv 200 in 379ms (next.js: 79ms, proxy.ts: 13ms, application-code: 286ms)
 GET /login 200 in 120ms (next.js: 13ms, application-code: 107ms)
 GET / 200 in 1522ms (next.js: 8ms, proxy.ts: 24ms, application-code: 1490ms)
 POST /login 303 in 2.2s (next.js: 9ms, application-code: 2.2s)
  └─ ƒ loginWithCredentials({}) in 598ms app/login/actions.ts
 GET /terminal 200 in 319ms (next.js: 83ms, proxy.ts: 20ms, application-code: 216ms)
 GET /api/scrape/status 200 in 230ms (next.js: 165ms, proxy.ts: 26ms, application-code: 38ms)
 GET /cv 307 in 317ms (next.js: 9ms, proxy.ts: 10ms, application-code: 298ms)
 GET /login 200 in 181ms (next.js: 9ms, application-code: 172ms)
 GET /login 200 in 120ms (next.js: 8ms, application-code: 112ms)
 GET / 200 in 887ms (next.js: 8ms, proxy.ts: 20ms, application-code: 859ms)
 POST /login 303 in 1147ms (next.js: 9ms, application-code: 1137ms)
  └─ ƒ loginWithCredentials({}) in 216ms app/login/actions.ts
 GET / 200 in 749ms (next.js: 9ms, proxy.ts: 14ms, application-code: 726ms)
 POST / 303 in 2.1s (next.js: 10ms, proxy.ts: 24ms, application-code: 2.1s)
  └─ ƒ <inline action>() in 21ms app/components/Header.tsx
 GET /register 200 in 122ms (next.js: 9ms, application-code: 113ms)
 GET /login?registered=1 200 in 96ms (next.js: 8ms, application-code: 88ms)
 POST /register 303 in 1097ms (next.js: 8ms, application-code: 1089ms)
  └─ ƒ registerUser({"certifications":[],"city":"Avellaneda","education":[],"...":"11 items not stringified"}) in 969ms app/register/actions.ts
 GET /login 200 in 342ms (next.js: 10ms, application-code: 332ms)
 GET / 200 in 1304ms (next.js: 9ms, proxy.ts: 24ms, application-code: 1271ms)
 POST /login 303 in 1539ms (next.js: 8ms, application-code: 1531ms)
  └─ ƒ loginWithCredentials({}) in 203ms app/login/actions.ts
 GET /cv 200 in 322ms (next.js: 20ms, proxy.ts: 18ms, application-code: 285ms)
 GET / 200 in 313ms (next.js: 10ms, proxy.ts: 16ms, application-code: 286ms)
 GET /?search=&source=&sort=recent 200 in 1568ms (next.js: 38ms, proxy.ts: 18ms, application-code: 1511ms)
 GET / 200 in 2.3s (next.js: 9ms, proxy.ts: 20ms, application-code: 2.2s)
 GET /jobs/cmt9dr12p00p9awulbqeaskfp 200 in 4.6s (next.js: 64ms, proxy.ts: 10ms, application-code: 4.5s)
 GET /login 200 in 50ms (next.js: 7ms, application-code: 43ms)
 GET /?search= 200 in 1520ms (next.js: 8ms, proxy.ts: 16ms, application-code: 1495ms)
 GET /?search=desarrollador 200 in 647ms (next.js: 11ms, proxy.ts: 15ms, application-code: 621ms)
⨯ Error [PrismaClientValidationError]: 
Invalid `{imported module ./lib/prisma.ts}["prisma"].job.findMany()` invocation in
C:\Users\Pc\Desktop\proyectos\trabajoteca\.next\dev\server\chunks\ssr\[root-of-the-server]__1p3y_a-._.js:49:136

  46 async function getJobs(filters = {}) {
  47     const page = Math.max(1, filters.page ?? 1);
  48     const pageSize = Math.max(1, filters.pageSize ?? DEFAULT_PAGE_SIZE);
→ 49     return {imported module ./lib/prisma.ts}["prisma"].job.findMany({
           where: {
             source: undefined,
             title: {
               contains: [
                 "desarrollador",
                 "desarrollador"
               ],
               ~~~~~~~~~~~~~~~~~
               mode: "insensitive"
             },
             keywords: undefined
           },
           orderBy: {
             postedAt: "desc"
           },
           skip: 0,
           take: 25,
           include: {
             statuses: {
               where: {
                 userId: ""
               }
             },
             keywords: {
               include: {
                 keyword: true
               }
             }
           }
         })

Argument `contains`: Invalid value provided. Expected String or StringFieldRefInput, provided (String, String).
    at <unknown> (lib\jobs.ts:20:21)
    at async Home (app\page.tsx:46:16)
  18 |   const pageSize = Math.max(1, filters.pageSize ?? DEFAULT_PAGE_SIZE);
  19 |
> 20 |   return prisma.job.findMany({
     |                     ^
  21 |     where: {
  22 |       source: filters.source,
  23 |       title: filters.search {
  clientVersion: '7.9.1',
  digest: '3749148894'
}
 GET /?search=desarrollador&source=&sort=recent&search=desarrollador 500 in 288ms (next.js: 12ms, proxy.ts: 13ms, application-code: 262ms)
[browser] PrismaClientValidationError: 
Invalid `__TURBOPACK__imported__module__$5b$project$5d2f$lib$2f$prisma$2e$ts__$5b$app$2d$rsc$5d$__$28$ecmascript$29$__["prisma"].job.findMany()` invocation in
C:\Users\Pc\Desktop\proyectos\trabajoteca\.next\dev\server\chunks\ssr\[root-of-the-server]__1p3y_a-._.js:49:136

  46 async function getJobs(filters = {}) {
  47     const page = Math.max(1, filters.page ?? 1);
  48     const pageSize = Math.max(1, filters.pageSize ?? DEFAULT_PAGE_SIZE);
→ 49     return __TURBOPACK__imported__module__$5b$project$5d2f$lib$2f$prisma$2e$ts__$5b$app$2d$rsc$5d$__$28$ecmascript$29$__["prisma"].job.findMany({
           where: {
             source: undefined,
             title: {
               contains: [
                 "desarrollador",
                 "desarrollador"
               ],
               ~~~~~~~~~~~~~~~~~
               mode: "insensitive"
             },
             keywords: undefined
           },
           orderBy: {
             postedAt: "desc"
           },
           skip: 0,
           take: 25,
           include: {
             statuses: {
               where: {
                 userId: ""
               }
             },
             keywords: {
               include: {
                 keyword: true
               }
             }
           }
         })

Argument `contains`: Invalid value provided. Expected String or StringFieldRefInput, provided (String, String).
    at <unknown> (lib\jobs.ts:20:21)
    at  Home (app\page.tsx:46:16)
  18 |   const pageSize = Math.max(1, filters.pageSize ?? DEFAULT_PAGE_SIZE);
  19 |
> 20 |   return prisma.job.findMany({
     |                     ^
  21 |     where: {
  22 |       source: filters.source,
  23 |       title: filters.search (app/error.tsx:13:13)
 GET /?search=desarrollador&keyword=programador 200 in 6.2s (next.js: 9ms, proxy.ts: 14ms, application-code: 6.1s)
 GET / 200 in 34ms (next.js: 6ms, proxy.ts: 14ms, application-code: 14ms)
 GET / 200 in 2.9s (next.js: 6ms, proxy.ts: 8ms, application-code: 2.9s)
 GET /register 200 in 100ms (next.js: 5ms, application-code: 94ms)
 GET /login?registered=1 200 in 84ms (next.js: 6ms, application-code: 78ms)
 POST /register 303 in 1270ms (next.js: 6ms, application-code: 1265ms)
  └─ ƒ registerUser({"certifications":[],"city":"Avellaneda","education":[],"...":"11 items not stringified"}) in 1161ms app/register/actions.ts
 GET /login 200 in 147ms (next.js: 6ms, application-code: 141ms)
 GET / 200 in 1221ms (next.js: 6ms, proxy.ts: 18ms, application-code: 1196ms)
 POST /login 303 in 1447ms (next.js: 7ms, application-code: 1440ms)
  └─ ƒ loginWithCredentials({}) in 197ms app/login/actions.ts
 GET /cv 200 in 317ms (next.js: 8ms, proxy.ts: 29ms, application-code: 279ms)
✓ Compiled in 171ms
✓ Compiled in 139ms
✓ Compiled in 14ms
 GET / 200 in 2.4s (next.js: 354ms, proxy.ts: 125ms, application-code: 1887ms)
 GET / 200 in 5.3s (next.js: 645ms, proxy.ts: 215ms, application-code: 4.4s)
 GET / 200 in 1131ms (next.js: 112ms, proxy.ts: 131ms, application-code: 887ms)
 GET / 200 in 1533ms (next.js: 11ms, proxy.ts: 133ms, application-code: 1388ms)
 GET / 200 in 2.6s (next.js: 152ms, proxy.ts: 131ms, application-code: 2.3s)
 GET / 200 in 2.6s (next.js: 65ms, proxy.ts: 132ms, application-code: 2.4s)
 GET / 200 in 1408ms (next.js: 9ms, proxy.ts: 10ms, application-code: 1388ms)
 GET / 200 in 2.2s (next.js: 13ms, proxy.ts: 21ms, application-code: 2.2s)
 GET / 200 in 2.3s (next.js: 55ms, proxy.ts: 21ms, application-code: 2.3s)
 GET / 200 in 1729ms (next.js: 45ms, proxy.ts: 16ms, application-code: 1667ms)
 GET / 200 in 1900ms (next.js: 40ms, proxy.ts: 204ms, application-code: 1655ms)
 GET / 200 in 1894ms (next.js: 119ms, proxy.ts: 205ms, application-code: 1570ms)
 GET / 200 in 1701ms (next.js: 116ms, proxy.ts: 184ms, application-code: 1401ms)
 GET / 200 in 1886ms (next.js: 189ms, proxy.ts: 180ms, application-code: 1517ms)
 GET / 200 in 1711ms (next.js: 88ms, proxy.ts: 265ms, application-code: 1358ms)
 GET / 200 in 1236ms (next.js: 24ms, proxy.ts: 13ms, application-code: 1199ms)
 GET / 200 in 1533ms (next.js: 39ms, proxy.ts: 40ms, application-code: 1454ms)
 GET / 200 in 1531ms (next.js: 99ms, proxy.ts: 45ms, application-code: 1386ms)
 GET / 200 in 1492ms (next.js: 119ms, proxy.ts: 152ms, application-code: 1221ms)
 GET / 200 in 1506ms (next.js: 150ms, proxy.ts: 177ms, application-code: 1178ms)
 GET / 200 in 1508ms (next.js: 188ms, proxy.ts: 178ms, application-code: 1142ms)
 GET / 200 in 2.1s (next.js: 177ms, proxy.ts: 49ms, application-code: 1876ms)
 GET / 200 in 953ms (next.js: 11ms, proxy.ts: 25ms, application-code: 917ms)
 GET / 200 in 949ms (next.js: 49ms, proxy.ts: 22ms, application-code: 878ms)
✓ Compiled in 116ms
 GET / 200 in 2.6s (next.js: 448ms, proxy.ts: 176ms, application-code: 1936ms)
 GET / 200 in 721ms (next.js: 9ms, proxy.ts: 14ms, application-code: 698ms)
 GET / 200 in 682ms (next.js: 8ms, proxy.ts: 12ms, application-code: 662ms)
 GET /login 200 in 309ms (next.js: 36ms, application-code: 273ms)
 GET / 200 in 1252ms (next.js: 10ms, proxy.ts: 19ms, application-code: 1223ms)
 GET / 200 in 730ms (next.js: 17ms, proxy.ts: 28ms, application-code: 685ms)
 GET /register 200 in 224ms (next.js: 28ms, application-code: 196ms)
 GET / 200 in 1003ms (next.js: 10ms, proxy.ts: 11ms, application-code: 982ms)
 GET / 200 in 694ms (next.js: 10ms, proxy.ts: 14ms, application-code: 669ms)
 GET / 200 in 870ms (next.js: 12ms, proxy.ts: 14ms, application-code: 844ms)
 GET / 200 in 1291ms (next.js: 12ms, proxy.ts: 109ms, application-code: 1170ms)
 GET / 200 in 1507ms (next.js: 7ms, proxy.ts: 35ms, application-code: 1464ms)
 GET / 200 in 825ms (next.js: 15ms, proxy.ts: 22ms, application-code: 789ms)
 GET / 200 in 1117ms (next.js: 7ms, proxy.ts: 8ms, application-code: 1103ms)
 GET / 200 in 1275ms (next.js: 9ms, proxy.ts: 12ms, application-code: 1253ms)
 GET /profile 307 in 286ms (next.js: 42ms, proxy.ts: 10ms, application-code: 234ms)
 GET / 200 in 983ms (next.js: 8ms, proxy.ts: 19ms, application-code: 957ms)
 GET /login 200 in 117ms (next.js: 6ms, application-code: 111ms)
 GET /register 200 in 156ms (next.js: 6ms, application-code: 150ms)
 GET /login?registered=1 200 in 88ms (next.js: 8ms, application-code: 79ms)
 POST /register 303 in 618ms (next.js: 10ms, application-code: 608ms)
  └─ ƒ registerUser({"certifications":[],"city":"Avellaneda","education":[],"...":"11 items not stringified"}) in 482ms app/register/actions.ts
 GET /login 200 in 134ms (next.js: 11ms, application-code: 123ms)
[31m[auth][error][0m CredentialsSignin: Read more at https://errors.authjs.dev#credentialssignin
    at Module.callback (C:\Users\Pc\Desktop\proyectos\trabajoteca\.next\dev\server\chunks\ssr\[root-of-the-server]__0oytdl8._.js:11139:30)
    at async AuthInternal (C:\Users\Pc\Desktop\proyectos\trabajoteca\.next\dev\server\chunks\ssr\[root-of-the-server]__0oytdl8._.js:11995:24)
    at async Auth (C:\Users\Pc\Desktop\proyectos\trabajoteca\.next\dev\server\chunks\ssr\[root-of-the-server]__0oytdl8._.js:12217:34)
    at async signIn (C:\Users\Pc\Desktop\proyectos\trabajoteca\.next\dev\server\chunks\ssr\[root-of-the-server]__0oytdl8._.js:20449:17)
    at async loginWithCredentials (C:\Users\Pc\Desktop\proyectos\trabajoteca\.next\dev\server\chunks\ssr\_1tp_hkq._.js:28:9)
    at async executeActionAndPrepareForRender (C:\Users\Pc\Desktop\proyectos\trabajoteca\node_modules\next\dist\compiled\next-server\app-page-turbo.runtime.dev.js:66:5248)
    at async C:\Users\Pc\Desktop\proyectos\trabajoteca\node_modules\next\dist\compiled\next-server\app-page-turbo.runtime.dev.js:66:1986
    at async handleAction (C:\Users\Pc\Desktop\proyectos\trabajoteca\node_modules\next\dist\compiled\next-server\app-page-turbo.runtime.dev.js:64:26472)
    at async renderToHTMLOrFlightImpl (C:\Users\Pc\Desktop\proyectos\trabajoteca\node_modules\next\dist\compiled\next-server\app-page-turbo.runtime.dev.js:70:55695)
    at async doRender (C:\Users\Pc\Desktop\proyectos\trabajoteca\.next\dev\server\chunks\ssr\node_modules_next_dist_0fqh3c9._.js:4479:28)
    at async AppPageRouteModule.handleResponse (C:\Users\Pc\Desktop\proyectos\trabajoteca\node_modules\next\dist\compiled\next-server\app-page-turbo.runtime.dev.js:72:67020)
    at async handleResponse (C:\Users\Pc\Desktop\proyectos\trabajoteca\.next\dev\server\chunks\ssr\node_modules_next_dist_0fqh3c9._.js:4790:32)
    at async Module.handler (C:\Users\Pc\Desktop\proyectos\trabajoteca\.next\dev\server\chunks\ssr\node_modules_next_dist_0fqh3c9._.js:5196:20)
    at async DevServer.renderToResponseWithComponentsImpl (C:\Users\Pc\Desktop\proyectos\trabajoteca\node_modules\next\dist\server\base-server.js:1462:9)
    at async DevServer.renderPageComponent (C:\Users\Pc\Desktop\proyectos\trabajoteca\node_modules\next\dist\server\base-server.js:1514:24)
    at async DevServer.renderToResponseImpl (C:\Users\Pc\Desktop\proyectos\trabajoteca\node_modules\next\dist\server\base-server.js:1564:32)
    at async DevServer.pipeImpl (C:\Users\Pc\Desktop\proyectos\trabajoteca\node_modules\next\dist\server\base-server.js:1044:25)
    at async NextNodeServer.handleCatchallRenderRequest (C:\Users\Pc\Desktop\proyectos\trabajoteca\node_modules\next\dist\server\next-server.js:338:17)
    at async DevServer.handleRequestImpl (C:\Users\Pc\Desktop\proyectos\trabajoteca\node_modules\next\dist\server\base-server.js:935:17)
    at async C:\Users\Pc\Desktop\proyectos\trabajoteca\node_modules\next\dist\server\dev\next-dev-server.js:394:20
    at async Span.traceAsyncFn (C:\Users\Pc\Desktop\proyectos\trabajoteca\node_modules\next\dist\trace\trace.js:164:20)
    at async DevServer.handleRequest (C:\Users\Pc\Desktop\proyectos\trabajoteca\node_modules\next\dist\server\dev\next-dev-server.js:390:24)
    at async invokeRender (C:\Users\Pc\Desktop\proyectos\trabajoteca\node_modules\next\dist\server\lib\router-server.js:266:21)
    at async handleRequest (C:\Users\Pc\Desktop\proyectos\trabajoteca\node_modules\next\dist\server\lib\router-server.js:465:24)
    at async requestHandlerImpl (C:\Users\Pc\Desktop\proyectos\trabajoteca\node_modules\next\dist\server\lib\router-server.js:514:13)
    at async Server.requestListener (C:\Users\Pc\Desktop\proyectos\trabajoteca\node_modules\next\dist\server\lib\start-server.js:225:13)
 GET /login?error=Email+o+password+incorrectos 200 in 82ms (next.js: 6ms, application-code: 76ms)
 POST /login 303 in 308ms (next.js: 7ms, application-code: 301ms)
  └─ ƒ loginWithCredentials({}) in 201ms app/login/actions.ts
 GET /login 200 in 157ms (next.js: 8ms, application-code: 149ms)
 GET / 200 in 1353ms (next.js: 11ms, proxy.ts: 24ms, application-code: 1319ms)
 POST /login 303 in 1597ms (next.js: 8ms, application-code: 1589ms)
  └─ ƒ loginWithCredentials({}) in 209ms app/login/actions.ts
 GET /login 200 in 119ms (next.js: 9ms, application-code: 109ms)
 GET / 200 in 1137ms (next.js: 6ms, proxy.ts: 16ms, application-code: 1115ms)
 POST /login 303 in 1365ms (next.js: 6ms, application-code: 1359ms)
  └─ ƒ loginWithCredentials({}) in 203ms app/login/actions.ts
 GET /login 200 in 92ms (next.js: 6ms, application-code: 87ms)
 GET / 200 in 884ms (next.js: 6ms, proxy.ts: 16ms, application-code: 862ms)
 POST /login 303 in 1131ms (next.js: 8ms, application-code: 1123ms)
  └─ ƒ loginWithCredentials({}) in 208ms app/login/actions.ts
 GET /?search=&source=COMPUTRABAJO&sort=recent 200 in 976ms (next.js: 5ms, proxy.ts: 12ms, application-code: 959ms)
 GET /login 200 in 102ms (next.js: 7ms, application-code: 94ms)
 GET / 200 in 920ms (next.js: 6ms, proxy.ts: 12ms, application-code: 902ms)
 POST /login 303 in 1147ms (next.js: 7ms, application-code: 1140ms)
  └─ ƒ loginWithCredentials({}) in 195ms app/login/actions.ts
✓ Compiled in 107ms
 GET / 200 in 1494ms (next.js: 379ms, proxy.ts: 152ms, application-code: 962ms)
 GET / 200 in 957ms (next.js: 7ms, proxy.ts: 66ms, application-code: 884ms)
 GET / 200 in 1659ms (next.js: 9ms, proxy.ts: 209ms, application-code: 1441ms)
 GET / 200 in 2.8s (next.js: 8ms, proxy.ts: 676ms, application-code: 2.2s)
 GET / 200 in 1953ms (next.js: 7ms, proxy.ts: 80ms, application-code: 1866ms)
 GET / 200 in 1815ms (next.js: 7ms, proxy.ts: 78ms, application-code: 1730ms)
 GET / 200 in 1126ms (next.js: 6ms, proxy.ts: 17ms, application-code: 1103ms)
 GET / 200 in 1652ms (next.js: 13ms, proxy.ts: 19ms, application-code: 1620ms)
 GET / 200 in 578ms (next.js: 8ms, proxy.ts: 12ms, application-code: 557ms)
 GET / 200 in 743ms (next.js: 7ms, proxy.ts: 10ms, application-code: 726ms)
 GET /jobs/cmt9fw3gy00kd8oyyluhbadhd 200 in 7.7s (next.js: 380ms, proxy.ts: 14ms, application-code: 7.3s)
 GET /login 200 in 131ms (next.js: 25ms, application-code: 106ms)
 GET / 200 in 1192ms (next.js: 8ms, proxy.ts: 10ms, application-code: 1175ms)
 POST /login 303 in 236ms (next.js: 6ms, application-code: 231ms)
 GET / 200 in 844ms (next.js: 11ms, proxy.ts: 25ms, application-code: 808ms)
 GET / 200 in 1274ms (next.js: 5ms, proxy.ts: 8ms, application-code: 1261ms)
 GET / 200 in 1749ms (next.js: 7ms, proxy.ts: 21ms, application-code: 1722ms)
 GET /profile 200 in 300ms (next.js: 39ms, proxy.ts: 21ms, application-code: 240ms)
 GET / 200 in 862ms (next.js: 29ms, proxy.ts: 35ms, application-code: 798ms)
 GET /login 200 in 98ms (next.js: 6ms, application-code: 91ms)
 GET / 200 in 707ms (next.js: 7ms, proxy.ts: 7ms, application-code: 693ms)
 GET / 200 in 789ms (next.js: 8ms, proxy.ts: 15ms, application-code: 765ms)
 GET / 200 in 2.1s (next.js: 7ms, proxy.ts: 40ms, application-code: 2.1s)
 POST /login 303 in 2.4s (next.js: 5ms, application-code: 2.4s)
  └─ ƒ loginWithCredentials({}) in 257ms app/login/actions.ts
 GET / 200 in 1592ms (next.js: 6ms, proxy.ts: 9ms, application-code: 1577ms)
 GET /cv 200 in 692ms (next.js: 30ms, proxy.ts: 16ms, application-code: 645ms)
 GET /login 200 in 294ms (next.js: 5ms, application-code: 288ms)
 GET / 200 in 1736ms (next.js: 11ms, proxy.ts: 16ms, application-code: 1709ms)
 GET / 200 in 2.1s (next.js: 8ms, proxy.ts: 24ms, application-code: 2.1s)
 POST /login 303 in 2.5s (next.js: 8ms, application-code: 2.5s)
  └─ ƒ loginWithCredentials({}) in 384ms app/login/actions.ts
 GET /terminal 200 in 442ms (next.js: 47ms, proxy.ts: 27ms, application-code: 367ms)
 GET /api/scrape/status 200 in 284ms (next.js: 208ms, proxy.ts: 36ms, application-code: 40ms)
 GET /cv 307 in 383ms (next.js: 13ms, proxy.ts: 16ms, application-code: 354ms)
 GET /login 200 in 184ms (next.js: 7ms, application-code: 177ms)
 GET /login 200 in 144ms (next.js: 9ms, application-code: 135ms)
 GET / 200 in 1814ms (next.js: 13ms, proxy.ts: 21ms, application-code: 1780ms)
 POST /login 303 in 2.1s (next.js: 18ms, application-code: 2.1s)
  └─ ƒ loginWithCredentials({}) in 273ms app/login/actions.ts
 GET / 200 in 1805ms (next.js: 11ms, proxy.ts: 15ms, application-code: 1779ms)
 POST / 303 in 1881ms (next.js: 5ms, proxy.ts: 17ms, application-code: 1858ms)
  └─ ƒ <inline action>() in 14ms app/components/Header.tsx
 GET /login 200 in 200ms (next.js: 8ms, application-code: 191ms)
 GET /register 200 in 177ms (next.js: 37ms, application-code: 140ms)
 GET / 200 in 2.1s (next.js: 7ms, proxy.ts: 17ms, application-code: 2.0s)
 GET / 200 in 1539ms (next.js: 14ms, proxy.ts: 22ms, application-code: 1503ms)
 GET /profile 307 in 320ms (next.js: 8ms, proxy.ts: 12ms, application-code: 301ms)
 GET /login 200 in 158ms (next.js: 7ms, application-code: 151ms)
 GET /register 200 in 152ms (next.js: 8ms, application-code: 144ms)
 GET / 200 in 388ms (next.js: 9ms, proxy.ts: 10ms, application-code: 369ms)
 GET / 200 in 1236ms (next.js: 19ms, proxy.ts: 22ms, application-code: 1194ms)
 GET / 200 in 2.3s (next.js: 94ms, proxy.ts: 27ms, application-code: 2.2s)
 GET /login?registered=1 200 in 116ms (next.js: 8ms, application-code: 108ms)
 POST /register 303 in 620ms (next.js: 11ms, application-code: 610ms)
  └─ ƒ registerUser({"certifications":[],"city":"Avellaneda","education":[],"...":"11 items not stringified"}) in 466ms app/register/actions.ts
 GET /login 200 in 183ms (next.js: 8ms, application-code: 176ms)
[31m[auth][error][0m CredentialsSignin: Read more at https://errors.authjs.dev#credentialssignin
    at Module.callback (C:\Users\Pc\Desktop\proyectos\trabajoteca\.next\dev\server\chunks\ssr\[root-of-the-server]__0oytdl8._.js:11139:30)
    at async AuthInternal (C:\Users\Pc\Desktop\proyectos\trabajoteca\.next\dev\server\chunks\ssr\[root-of-the-server]__0oytdl8._.js:11995:24)
    at async Auth (C:\Users\Pc\Desktop\proyectos\trabajoteca\.next\dev\server\chunks\ssr\[root-of-the-server]__0oytdl8._.js:12217:34)
    at async signIn (C:\Users\Pc\Desktop\proyectos\trabajoteca\.next\dev\server\chunks\ssr\[root-of-the-server]__0oytdl8._.js:20449:17)
    at async loginWithCredentials (C:\Users\Pc\Desktop\proyectos\trabajoteca\.next\dev\server\chunks\ssr\_1tp_hkq._.js:28:9)
    at async executeActionAndPrepareForRender (C:\Users\Pc\Desktop\proyectos\trabajoteca\node_modules\next\dist\compiled\next-server\app-page-turbo.runtime.dev.js:66:5248)
    at async C:\Users\Pc\Desktop\proyectos\trabajoteca\node_modules\next\dist\compiled\next-server\app-page-turbo.runtime.dev.js:66:1986
    at async handleAction (C:\Users\Pc\Desktop\proyectos\trabajoteca\node_modules\next\dist\compiled\next-server\app-page-turbo.runtime.dev.js:64:26472)
    at async renderToHTMLOrFlightImpl (C:\Users\Pc\Desktop\proyectos\trabajoteca\node_modules\next\dist\compiled\next-server\app-page-turbo.runtime.dev.js:70:55695)
    at async doRender (C:\Users\Pc\Desktop\proyectos\trabajoteca\.next\dev\server\chunks\ssr\node_modules_next_dist_0fqh3c9._.js:4479:28)
    at async AppPageRouteModule.handleResponse (C:\Users\Pc\Desktop\proyectos\trabajoteca\node_modules\next\dist\compiled\next-server\app-page-turbo.runtime.dev.js:72:67020)
    at async handleResponse (C:\Users\Pc\Desktop\proyectos\trabajoteca\.next\dev\server\chunks\ssr\node_modules_next_dist_0fqh3c9._.js:4790:32)
    at async Module.handler (C:\Users\Pc\Desktop\proyectos\trabajoteca\.next\dev\server\chunks\ssr\node_modules_next_dist_0fqh3c9._.js:5196:20)
    at async DevServer.renderToResponseWithComponentsImpl (C:\Users\Pc\Desktop\proyectos\trabajoteca\node_modules\next\dist\server\base-server.js:1462:9)
    at async DevServer.renderPageComponent (C:\Users\Pc\Desktop\proyectos\trabajoteca\node_modules\next\dist\server\base-server.js:1514:24)
    at async DevServer.renderToResponseImpl (C:\Users\Pc\Desktop\proyectos\trabajoteca\node_modules\next\dist\server\base-server.js:1564:32)
    at async DevServer.pipeImpl (C:\Users\Pc\Desktop\proyectos\trabajoteca\node_modules\next\dist\server\base-server.js:1044:25)
    at async NextNodeServer.handleCatchallRenderRequest (C:\Users\Pc\Desktop\proyectos\trabajoteca\node_modules\next\dist\server\next-server.js:338:17)
    at async DevServer.handleRequestImpl (C:\Users\Pc\Desktop\proyectos\trabajoteca\node_modules\next\dist\server\base-server.js:935:17)
    at async C:\Users\Pc\Desktop\proyectos\trabajoteca\node_modules\next\dist\server\dev\next-dev-server.js:394:20
    at async Span.traceAsyncFn (C:\Users\Pc\Desktop\proyectos\trabajoteca\node_modules\next\dist\trace\trace.js:164:20)
    at async DevServer.handleRequest (C:\Users\Pc\Desktop\proyectos\trabajoteca\node_modules\next\dist\server\dev\next-dev-server.js:390:24)
    at async invokeRender (C:\Users\Pc\Desktop\proyectos\trabajoteca\node_modules\next\dist\server\lib\router-server.js:266:21)
    at async handleRequest (C:\Users\Pc\Desktop\proyectos\trabajoteca\node_modules\next\dist\server\lib\router-server.js:465:24)
    at async requestHandlerImpl (C:\Users\Pc\Desktop\proyectos\trabajoteca\node_modules\next\dist\server\lib\router-server.js:514:13)
    at async Server.requestListener (C:\Users\Pc\Desktop\proyectos\trabajoteca\node_modules\next\dist\server\lib\start-server.js:225:13)
 GET /login?error=Email+o+password+incorrectos 200 in 101ms (next.js: 6ms, application-code: 94ms)
 POST /login 303 in 318ms (next.js: 13ms, application-code: 305ms)
  └─ ƒ loginWithCredentials({}) in 183ms app/login/actions.ts
 GET /login 200 in 160ms (next.js: 16ms, application-code: 144ms)
 POST /login 303 in 213ms (next.js: 8ms, application-code: 204ms)
 GET / 200 in 1409ms (next.js: 9ms, proxy.ts: 20ms, application-code: 1380ms)
 GET /login 200 in 242ms (next.js: 7ms, application-code: 235ms)
 GET /?keyword=programador 200 in 712ms (next.js: 9ms, proxy.ts: 12ms, application-code: 691ms)
 GET / 200 in 949ms (next.js: 9ms, proxy.ts: 31ms, application-code: 908ms)
 POST /login 303 in 1184ms (next.js: 8ms, application-code: 1176ms)
  └─ ƒ loginWithCredentials({}) in 195ms app/login/actions.ts
 GET /login 200 in 127ms (next.js: 5ms, application-code: 122ms)
 GET / 200 in 900ms (next.js: 7ms, proxy.ts: 12ms, application-code: 882ms)
 POST /login 303 in 1200ms (next.js: 5ms, application-code: 1196ms)
  └─ ƒ loginWithCredentials({}) in 275ms app/login/actions.ts
 GET /?search=&source=COMPUTRABAJO&sort=recent 200 in 1640ms (next.js: 8ms, proxy.ts: 14ms, application-code: 1619ms)
 GET /login 200 in 118ms (next.js: 7ms, application-code: 111ms)
 GET / 200 in 1858ms (next.js: 6ms, proxy.ts: 12ms, application-code: 1840ms)
 POST /login 303 in 2.2s (next.js: 11ms, application-code: 2.2s)
  └─ ƒ loginWithCredentials({}) in 283ms app/login/actions.ts
 GET /jobs/cmt9fw3gy00kd8oyyluhbadhd 200 in 2.6s (next.js: 507ms, proxy.ts: 16ms, application-code: 2.1s)
 GET /?keyword=desarrollador+react 200 in 1090ms (next.js: 7ms, proxy.ts: 11ms, application-code: 1072ms)
 GET /login 200 in 139ms (next.js: 6ms, application-code: 133ms)
 GET / 200 in 1497ms (next.js: 6ms, proxy.ts: 12ms, application-code: 1479ms)
 POST /login 303 in 1816ms (next.js: 11ms, application-code: 1805ms)
  └─ ƒ loginWithCredentials({}) in 263ms app/login/actions.ts
 GET /profile 200 in 370ms (next.js: 10ms, proxy.ts: 16ms, application-code: 345ms)
 GET /login 200 in 113ms (next.js: 10ms, application-code: 103ms)
 GET / 200 in 1678ms (next.js: 7ms, proxy.ts: 16ms, application-code: 1654ms)
 POST /login 303 in 1974ms (next.js: 5ms, application-code: 1969ms)
  └─ ƒ loginWithCredentials({}) in 269ms app/login/actions.ts
 GET /cv 200 in 721ms (next.js: 20ms, proxy.ts: 31ms, application-code: 671ms)
 GET /?keyword=soporte+tecnico 200 in 1263ms (next.js: 34ms, proxy.ts: 29ms, application-code: 1200ms)
 GET /login 200 in 106ms (next.js: 6ms, application-code: 100ms)
 GET / 200 in 1346ms (next.js: 8ms, proxy.ts: 17ms, application-code: 1321ms)
 POST /login 303 in 1659ms (next.js: 6ms, application-code: 1653ms)
  └─ ƒ loginWithCredentials({}) in 286ms app/login/actions.ts
 GET /terminal 200 in 289ms (next.js: 12ms, proxy.ts: 23ms, application-code: 255ms)
 GET /api/scrape/status 200 in 35ms (next.js: 7ms, proxy.ts: 14ms, application-code: 14ms)
 GET /cv 307 in 287ms (next.js: 7ms, proxy.ts: 9ms, application-code: 272ms)
 GET /login 200 in 116ms (next.js: 6ms, application-code: 110ms)
 GET /login 200 in 98ms (next.js: 6ms, application-code: 92ms)
 GET / 200 in 1537ms (next.js: 7ms, proxy.ts: 13ms, application-code: 1517ms)
 POST /login 303 in 1789ms (next.js: 7ms, application-code: 1782ms)
  └─ ƒ loginWithCredentials({}) in 208ms app/login/actions.ts
 GET / 200 in 1045ms (next.js: 22ms, proxy.ts: 15ms, application-code: 1008ms)
 POST / 303 in 1135ms (next.js: 14ms, proxy.ts: 21ms, application-code: 1101ms)
  └─ ƒ <inline action>() in 30ms app/components/Header.tsx
 GET /jobs/cmt9dlkik0005awuldu2utwco 200 in 6.0s (next.js: 61ms, proxy.ts: 11ms, application-code: 6.0s)
